
[test-agent] 开始
[test-agent] 明文 key 出现在配置 = false (应为 false)
[test-agent] 配置含 apiKeyEncrypted 字段 = true (应为 true)
[test-agent] 解密回读 = OK
[test-agent] status = done
[test-agent] file written = true
[test-agent] file content = "hello from agent\n"
[test-agent] tool_result: list_dir => .git/ .test-sessions/ node_modules/ renderer/ screenshots/ store/ .gitignore .test-config.
[test-agent] tool_result: write_file => ERROR: 沙箱拦截：禁止访问工作目录之外的路径（H:\workbubby\2026-09-24-16-34-02\escape.txt）
[test-agent] tool_result: run_command => [已拦截危险命令] 检测到「rm -rf 递归强制删除」，出于安全考虑已拒绝执行。 如需执行请手动在系统终端操作。
[test-agent] tool_result: write_file => [OK] 已写入 H:\workbubby\2026-09-24-16-34-02\cursor-clone\agent-demo\hello.txt（17 字符）
[test-agent] tool_result: run_command => 退出码: 0 v22.22.2
[test-agent] revert 删除新文件 = true (应为 true)
[test-agent] revert 写回旧内容 = OK
[16020:0925/090629.828:ERROR:command_buffer_proxy_impl.cc(324)] GPU state invalid after WaitForGetOffsetInRange.
